// Jest Snapshot v1, https://goo.gl/fbAQLP

exports[`SignInForm Make sure form matches snapshot 1`] = `
<View
  style={
    Object {
      "width": "100%",
    }
  }
>
  <RCTScrollView
    contentContainerStyle={
      Object {
        "alignItems": "center",
        "justifyContent": "center",
        "paddingVertical": 26.68,
      }
    }
  >
    <View>
      <View
        style={
          Object {
            "alignItems": "center",
            "justifyContent": "center",
            "width": "100%",
          }
        }
      >
        <TextInput
          autoComplete="name"
          onChangeText={[Function]}
          placeholder="form.emailAddress"
          style={
            Object {
              "backgroundColor": "#F2F3F7",
              "borderRadius": 15,
              "fontFamily": "Cairo-Medium",
              "fontSize": 26.68,
              "height": 70,
              "marginVertical": 10.672,
              "padding": 26.68,
              "width": "80%",
            }
          }
          testID="signInemailAddress"
          value=""
        />
        <Text
          style={
            Object {
              "color": "red",
              "fontFamily": "Cairo-Regular",
              "fontSize": 20.009999999999998,
              "textAlign": "center",
              "width": "80%",
            }
          }
          testID="warningText"
        >
          signUpScreen.warningMail
        </Text>
      </View>
      <View
        style={
          Object {
            "alignItems": "center",
            "justifyContent": "center",
            "width": "100%",
          }
        }
      >
        <TextInput
          autoComplete="name"
          onChangeText={[Function]}
          placeholder="form.password"
          style={
            Object {
              "backgroundColor": "#F2F3F7",
              "borderRadius": 15,
              "fontFamily": "Cairo-Medium",
              "fontSize": 26.68,
              "height": 70,
              "marginVertical": 10.672,
              "padding": 26.68,
              "width": "80%",
            }
          }
          testID="signInpassword"
          value=""
        />
        <Text
          style={
            Object {
              "color": "red",
              "fontFamily": "Cairo-Regular",
              "fontSize": 20.009999999999998,
              "textAlign": "center",
              "width": "80%",
            }
          }
          testID="warningText"
        >
          signUpScreen.warningPassword
        </Text>
      </View>
      <View
        style={
          Object {
            "alignItems": "center",
            "width": "100%",
          }
        }
      >
        <View
          style={
            Array [
              Object {
                "width": "100%",
              },
              Object {
                "zIndex": 5000,
              },
              Object {},
            ]
          }
        >
          <View
            accessibilityState={
              Object {
                "disabled": false,
              }
            }
            accessible={true}
            collapsable={false}
            focusable={true}
            forwardedRef={[Function]}
            onClick={[Function]}
            onLayout={[Function]}
            onResponderGrant={[Function]}
            onResponderMove={[Function]}
            onResponderRelease={[Function]}
            onResponderTerminate={[Function]}
            onResponderTerminationRequest={[Function]}
            onStartShouldSetResponder={[Function]}
            style={
              Object {
                "alignItems": "center",
                "alignSelf": "center",
                "backgroundColor": "#F2F3F7",
                "borderColor": "#000",
                "borderRadius": 15,
                "borderWidth": 0,
                "flexDirection": "row",
                "height": 70,
                "justifyContent": "space-between",
                "minHeight": 50,
                "opacity": 1,
                "paddingHorizontal": 10,
                "paddingVertical": 3,
                "width": "80%",
                "zIndex": 0,
              }
            }
            testID="signIntype"
          >
            <Text
              style={
                Array [
                  Object {
                    "color": "#000",
                    "flex": 1,
                  },
                  Object {
                    "fontFamily": "Cairo-Medium",
                    "fontSize": 26.68,
                  },
                  false,
                  Object {},
                ]
              }
            >
              form.type
            </Text>
            <View
              style={
                Array [
                  Object {
                    "marginLeft": 10,
                  },
                  Object {},
                ]
              }
            >
              <Image
                source={1}
                style={
                  Array [
                    Object {
                      "height": 20,
                      "width": 20,
                    },
                    Object {},
                  ]
                }
              />
            </View>
          </View>
        </View>
        <Text
          style={
            Object {
              "color": "red",
              "fontFamily": "Cairo-Regular",
              "fontSize": 20.009999999999998,
            }
          }
          testID="warningText"
        >
          signUpScreen.warningText
        </Text>
      </View>
    </View>
  </RCTScrollView>
  <View
    accessible={true}
    collapsable={false}
    focusable={true}
    onClick={[Function]}
    onResponderGrant={[Function]}
    onResponderMove={[Function]}
    onResponderRelease={[Function]}
    onResponderTerminate={[Function]}
    onResponderTerminationRequest={[Function]}
    onStartShouldSetResponder={[Function]}
    style={
      Object {
        "alignItems": "center",
        "alignSelf": "center",
        "backgroundColor": "#11698E",
        "borderColor": "white",
        "borderRadius": 30,
        "borderWidth": 2,
        "height": 55,
        "justifyContent": "center",
        "opacity": 1,
        "width": "80%",
      }
    }
  >
    <Text
      style={
        Object {
          "color": "white",
          "fontFamily": "Cairo-Bold",
          "fontSize": 37.5,
        }
      }
    >
      signInScreen.logIn
    </Text>
  </View>
</View>
`;
