// Jest Snapshot v1, https://goo.gl/fbAQLP

exports[`driveWheel make sure the component matches the snapshot 1`] = `
<View
  style={
    Object {
      "alignItems": "center",
      "backgroundColor": "#E7D9EA",
      "borderRadius": 337.5,
      "height": 675,
      "justifyContent": "center",
      "marginBottom": 30,
      "marginTop": 50,
      "width": 675,
    }
  }
>
  <ViewManagerAdapter_ExpoLinearGradient
    proxiedProperties={
      Object {
        "colors": Array [
          4278190080,
          4282992969,
          4278190080,
        ],
        "endPoint": undefined,
        "locations": undefined,
        "startPoint": undefined,
      }
    }
    style={
      Object {
        "alignItems": "center",
        "borderRadius": 300,
        "height": 600,
        "justifyContent": "center",
        "width": 600,
      }
    }
  >
    <View
      accessible={true}
      focusable={false}
      onClick={[Function]}
      onResponderGrant={[Function]}
      onResponderMove={[Function]}
      onResponderRelease={[Function]}
      onResponderTerminate={[Function]}
      onResponderTerminationRequest={[Function]}
      onStartShouldSetResponder={[Function]}
      style={
        Object {
          "alignSelf": "center",
          "opacity": 1,
        }
      }
    />
    <View
      style={
        Object {
          "flexDirection": "row",
        }
      }
    >
      <View
        accessible={true}
        focusable={false}
        onClick={[Function]}
        onResponderGrant={[Function]}
        onResponderMove={[Function]}
        onResponderRelease={[Function]}
        onResponderTerminate={[Function]}
        onResponderTerminationRequest={[Function]}
        onStartShouldSetResponder={[Function]}
        style={
          Object {
            "alignSelf": "center",
            "opacity": 1,
          }
        }
      />
      <ViewManagerAdapter_ExpoLinearGradient
        proxiedProperties={
          Object {
            "colors": Array [
              4278190080,
              4278190080,
              4287927444,
            ],
            "endPoint": undefined,
            "locations": undefined,
            "startPoint": undefined,
          }
        }
        style={
          Object {
            "alignItems": "center",
            "borderRadius": 225,
            "height": 450,
            "justifyContent": "center",
            "width": 450,
          }
        }
      >
        <ViewManagerAdapter_ExpoLinearGradient
          proxiedProperties={
            Object {
              "colors": Array [
                4287927444,
                4278190080,
                4278190080,
              ],
              "endPoint": undefined,
              "locations": undefined,
              "startPoint": undefined,
            }
          }
          style={
            Object {
              "alignItems": "center",
              "borderRadius": 150,
              "height": 300,
              "justifyContent": "center",
              "width": 300,
            }
          }
        >
          <ViewManagerAdapter_ExpoLinearGradient
            proxiedProperties={
              Object {
                "colors": Array [
                  4287927444,
                  4278190080,
                  4278190080,
                  4287927444,
                ],
                "endPoint": undefined,
                "locations": undefined,
                "startPoint": undefined,
              }
            }
            style={
              Object {
                "alignItems": "center",
                "borderRadius": 75,
                "height": 150,
                "justifyContent": "center",
                "width": 150,
              }
            }
          >
            <View
              style={
                Object {
                  "backgroundColor": "white",
                  "borderRadius": 9.375,
                  "height": 18.75,
                  "width": 18.75,
                }
              }
            />
          </ViewManagerAdapter_ExpoLinearGradient>
        </ViewManagerAdapter_ExpoLinearGradient>
      </ViewManagerAdapter_ExpoLinearGradient>
      <View
        accessible={true}
        focusable={false}
        onClick={[Function]}
        onResponderGrant={[Function]}
        onResponderMove={[Function]}
        onResponderRelease={[Function]}
        onResponderTerminate={[Function]}
        onResponderTerminationRequest={[Function]}
        onStartShouldSetResponder={[Function]}
        style={
          Object {
            "alignSelf": "center",
            "opacity": 1,
          }
        }
      />
    </View>
    <View
      accessible={true}
      focusable={false}
      onClick={[Function]}
      onResponderGrant={[Function]}
      onResponderMove={[Function]}
      onResponderRelease={[Function]}
      onResponderTerminate={[Function]}
      onResponderTerminationRequest={[Function]}
      onStartShouldSetResponder={[Function]}
      style={
        Object {
          "alignSelf": "center",
          "opacity": 1,
        }
      }
    />
  </ViewManagerAdapter_ExpoLinearGradient>
</View>
`;
