// Jest Snapshot v1, https://goo.gl/fbAQLP

exports[`supervisedpatientScreen makes sure screen matches snapShot 1`] = `
<View
  style={
    Object {
      "backgroundColor": "white",
      "flex": 1,
      "paddingHorizontal": "5%",
      "paddingVertical": "10%",
    }
  }
>
  <Image
    source={1}
    style={
      Object {
        "alignSelf": "center",
        "height": 40,
        "resizeMode": "center",
        "width": "70%",
      }
    }
  />
  <View
    style={
      Object {
        "alignItems": "center",
        "flexDirection": "row",
        "justifyContent": "center",
        "marginVertical": 20,
      }
    }
  >
    <View
      style={
        Object {
          "borderRadius": 50,
          "height": 100,
          "marginHorizontal": 5,
          "width": 100,
        }
      }
    >
      <Image
        source={1}
        style={
          Object {
            "aspectRatio": 1,
            "borderRadius": 75,
            "height": "100%",
            "resizeMode": "cover",
          }
        }
        testID="profileIdImage"
      />
    </View>
    <Text
      style={
        Object {
          "fontFamily": "Cairo-Bold",
          "fontSize": 20,
        }
      }
    >
      My supervised patient
    </Text>
  </View>
  <View
    style={
      Object {
        "flex": 1,
        "paddingBottom": "15%",
      }
    }
  >
    <View
      accessible={true}
      focusable={true}
      onClick={[Function]}
      onResponderGrant={[Function]}
      onResponderMove={[Function]}
      onResponderRelease={[Function]}
      onResponderTerminate={[Function]}
      onResponderTerminationRequest={[Function]}
      onStartShouldSetResponder={[Function]}
      style={
        Object {
          "alignItems": "center",
          "backgroundColor": "#11698E",
          "borderRadius": 20,
          "flex": 1,
          "flexDirection": "row-reverse",
          "justifyContent": "space-between",
          "margin": 5,
          "opacity": 1,
          "paddingHorizontal": 30,
        }
      }
    >
      <View
        style={
          Object {
            "alignItems": "center",
            "height": "60%",
            "justifyContent": "center",
            "width": "60%",
          }
        }
      >
        <Image
          source={1}
          style={
            Object {
              "height": "100%",
              "resizeMode": "center",
              "width": "100%",
            }
          }
        />
      </View>
      <Text
        style={
          Object {
            "color": "white",
            "fontFamily": "Cairo-Bold",
            "fontSize": 20,
          }
        }
      >
        Map
      </Text>
    </View>
    <View
      style={
        Object {
          "flex": 1,
          "flexDirection": "row",
        }
      }
    >
      <View
        accessible={true}
        focusable={true}
        onClick={[Function]}
        onResponderGrant={[Function]}
        onResponderMove={[Function]}
        onResponderRelease={[Function]}
        onResponderTerminate={[Function]}
        onResponderTerminationRequest={[Function]}
        onStartShouldSetResponder={[Function]}
        style={
          Object {
            "alignItems": "center",
            "backgroundColor": "#16C79A",
            "borderColor": "white",
            "borderRadius": 10,
            "borderWidth": 2,
            "flex": 1,
            "justifyContent": "center",
            "margin": 5,
            "opacity": 1,
          }
        }
      >
        <Text
          style={
            Object {
              "color": "white",
              "fontFamily": "Cairo-Bold",
              "fontSize": 20,
            }
          }
        >
          Reminders
        </Text>
      </View>
      <View
        accessible={true}
        focusable={true}
        onClick={[Function]}
        onResponderGrant={[Function]}
        onResponderMove={[Function]}
        onResponderRelease={[Function]}
        onResponderTerminate={[Function]}
        onResponderTerminationRequest={[Function]}
        onStartShouldSetResponder={[Function]}
        style={
          Object {
            "alignItems": "center",
            "backgroundColor": "#E7D9EA",
            "borderColor": "white",
            "borderRadius": 10,
            "borderWidth": 2,
            "flex": 1,
            "justifyContent": "center",
            "margin": 5,
            "opacity": 1,
          }
        }
      >
        <Text
          style={
            Object {
              "color": "#11698E",
              "fontFamily": "Cairo-Bold",
              "fontSize": 20,
            }
          }
        >
          Profile
        </Text>
      </View>
    </View>
    <View
      accessible={true}
      focusable={true}
      onClick={[Function]}
      onResponderGrant={[Function]}
      onResponderMove={[Function]}
      onResponderRelease={[Function]}
      onResponderTerminate={[Function]}
      onResponderTerminationRequest={[Function]}
      onStartShouldSetResponder={[Function]}
      style={
        Object {
          "alignItems": "center",
          "backgroundColor": "#11698E",
          "borderRadius": 20,
          "flex": 1,
          "flexDirection": "row-reverse",
          "justifyContent": "space-between",
          "margin": 5,
          "opacity": 1,
          "paddingHorizontal": 30,
        }
      }
    >
      <View
        style={
          Object {
            "alignItems": "center",
            "height": "60%",
            "justifyContent": "center",
            "width": "60%",
          }
        }
      >
        <Image
          source={1}
          style={
            Object {
              "height": "100%",
              "resizeMode": "center",
              "width": "100%",
            }
          }
        />
      </View>
      <Text
        style={
          Object {
            "color": "white",
            "fontFamily": "Cairo-Bold",
            "fontSize": 20,
          }
        }
      >
        Health Info
      </Text>
    </View>
  </View>
</View>
`;
